// Jest Snapshot v1, https://goo.gl/fbAQLP

exports[`<AppFooter /> Expect to be render correctly 1`] = `
<div
  className="well"
>
  <p>
    <span>
      Front-End Version test 123
    </span>
  </p>
  <p>
     
    <span>
      Back-End Version (get from the api)
    </span>
     
  </p>
</div>
`;
